
======================================================================
PATTERN PLACEMENT COMPLETE: 53 boxes
======================================================================

======================================================================
FLAT-SPACE GROUP PLACEMENT FOR 60 REMAINDER BOXES
======================================================================


──────────────────────────────────────────────────────────────────────
ITERATION 1 - FLAT-SPACE GROUP PLACEMENT
──────────────────────────────────────────────────────────────────────
📦 Remaining boxes: 60
✅ Total placed so far: 0 boxes

🔍 Step 1: Grouping boxes by dimensions (5% tolerance)...
   Note: Only groups with 2+ boxes will be placed. Single boxes will use greedy placement.
   📋 Found 1 single boxes (cannot form groups - will use greedy placement later)
   ✅ Formed 4 dimension-based groups:
      1. Group 0.200×0.100×0.200m: 26 boxes, volume=0.110m³
      2. Group 0.300×0.100×0.200m: 14 boxes, volume=0.088m³
      3. Group 0.300×0.200×0.200m: 6 boxes, volume=0.048m³
      4. Group 0.200×0.100×0.100m: 13 boxes, volume=0.037m³

📊 Step 2: Groups sorted by volume (largest first) - PROCESSING ORDER:
   🔍 DEBUG: Verifying volume calculations and sorting...
      1. 0.200×0.100×0.200m (26 boxes, 0.109824m³) ← Will process 1st
         Box IDs: [14, 15, 16, 17, 18]...
      2. 0.300×0.100×0.200m (14 boxes, 0.087696m³) ← Will process 2nd
         Box IDs: [0, 1, 2, 3, 4]...
      3. 0.300×0.200×0.200m (6 boxes, 0.047736m³) ← Will process 3rd
         Box IDs: [103, 104, 105, 106, 107]...
      4. 0.200×0.100×0.100m (13 boxes, 0.037180m³) ← Will process 4th
   ✅ Sorting verification:
      ✓ Group 1 (0.109824m³) >= Group 2 (0.087696m³)
      ✓ Group 2 (0.087696m³) >= Group 3 (0.047736m³)
      ✓ Group 3 (0.047736m³) >= Group 4 (0.037180m³)

  🔍 Re-scanning height map for flat spaces...
  ⚠️  Matplotlib not available, skipping visualization
     ⚠️  Visualization skipped (no output path)

   🎯 Evaluating all 4 groups against flat space 1:
      Largest flat space: 0.800×1.200m (0.960m²) at height 0.480m
      🔍 Evaluating group 0.200×0.100×0.200m (26 boxes, 0.109824m³)...
         ✅ Can place 26/26 boxes, placed volume: 0.109824m³
      🔍 Evaluating group 0.300×0.100×0.200m (14 boxes, 0.087696m³)...
         ✅ Can place 13/14 boxes, placed volume: 0.081432m³
      🔍 Evaluating group 0.300×0.200×0.200m (6 boxes, 0.047736m³)...
         ✅ Can place 6/6 boxes, placed volume: 0.047736m³
      🔍 Evaluating group 0.200×0.100×0.100m (13 boxes, 0.037180m³)...
         ✅ Can place 13/13 boxes, placed volume: 0.037180m³

   🏆 SELECTED GROUP: 0.200×0.100×0.200m
      Placed volume: 0.109824m³
      Placed boxes: 26/26

  ✅ PLACEMENT SUCCESSFUL:
     • Placed: 26/26 boxes
     • Flat space used: 0.800×1.200m (0.960m²)
     • Position: (0.000, 0.000) → (0.800, 1.200)
     • Height: 0.480m
     • Sample placed box: ID=14, pos=(0.080, 0.060, 0.590)
     • 📊 Progress: 26 boxes placed total in this iteration
     • 📊 Total groups placed: 1
     • 🔄 Moving to next group (will re-scan for flat spaces)...

📊 Iteration 1 Summary:
   • Boxes placed this iteration: 26
   • Total boxes placed: 26
   • Remaining boxes: 34

   ✅ Can form groups from remainder - continuing...

──────────────────────────────────────────────────────────────────────
ITERATION 2 - FLAT-SPACE GROUP PLACEMENT
──────────────────────────────────────────────────────────────────────
📦 Remaining boxes: 34
✅ Total placed so far: 26 boxes

🔍 Step 1: Grouping boxes by dimensions (5% tolerance)...
   Note: Only groups with 2+ boxes will be placed. Single boxes will use greedy placement.
   📋 Found 1 single boxes (cannot form groups - will use greedy placement later)
   ✅ Formed 3 dimension-based groups:
      1. Group 0.300×0.100×0.200m: 14 boxes, volume=0.088m³
      2. Group 0.300×0.200×0.200m: 6 boxes, volume=0.048m³
      3. Group 0.200×0.100×0.100m: 13 boxes, volume=0.037m³

📊 Step 2: Groups sorted by volume (largest first) - PROCESSING ORDER:
   🔍 DEBUG: Verifying volume calculations and sorting...
      1. 0.300×0.100×0.200m (14 boxes, 0.087696m³) ← Will process 1st
         Box IDs: [0, 1, 2, 3, 4]...
      2. 0.300×0.200×0.200m (6 boxes, 0.047736m³) ← Will process 2nd
         Box IDs: [103, 104, 105, 106, 107]...
      3. 0.200×0.100×0.100m (13 boxes, 0.037180m³) ← Will process 3rd
         Box IDs: [40, 41, 42, 43, 44]...
   ✅ Sorting verification:
      ✓ Group 1 (0.087696m³) >= Group 2 (0.047736m³)
      ✓ Group 2 (0.047736m³) >= Group 3 (0.037180m³)

  🔍 Re-scanning height map for flat spaces...
  ⚠️  Matplotlib not available, skipping visualization
     ⚠️  Visualization skipped (no output path)

   🎯 Evaluating all 3 groups against flat space 1:
      Largest flat space: 0.800×0.800m (0.640m²) at height 0.700m
      🔍 Evaluating group 0.300×0.100×0.200m (14 boxes, 0.087696m³)...
         ✅ Can place 9/14 boxes, placed volume: 0.056376m³
      🔍 Evaluating group 0.300×0.200×0.200m (6 boxes, 0.047736m³)...
         ✅ Can place 6/6 boxes, placed volume: 0.047736m³
      🔍 Evaluating group 0.200×0.100×0.100m (13 boxes, 0.037180m³)...
         ✅ Can place 13/13 boxes, placed volume: 0.037180m³

   🏆 SELECTED GROUP: 0.300×0.100×0.200m
      Placed volume: 0.056376m³
      Placed boxes: 9/14

  ✅ PLACEMENT SUCCESSFUL:
     • Placed: 9/14 boxes
     • Flat space used: 0.800×0.800m (0.640m²)
     • Position: (0.000, 0.000) → (0.800, 0.800)
     • Height: 0.700m
     • ⚠️  Remaining from group: 5 boxes (will retry later)
     • Sample placed box: ID=0, pos=(0.145, 0.060, 0.790)
     • 📝 Note: 5 boxes from this group will be retried in next iteration
       (They may form new groups or be placed individually)
     • 📊 Progress: 35 boxes placed total in this iteration
     • 📊 Total groups placed: 2
     • 🔄 Moving to next group (will re-scan for flat spaces)...

📊 Iteration 2 Summary:
   • Boxes placed this iteration: 9
   • Total boxes placed: 35
   • Remaining boxes: 25

   ✅ Can form groups from remainder - continuing...

──────────────────────────────────────────────────────────────────────
ITERATION 3 - FLAT-SPACE GROUP PLACEMENT
──────────────────────────────────────────────────────────────────────
📦 Remaining boxes: 25
✅ Total placed so far: 35 boxes

🔍 Step 1: Grouping boxes by dimensions (5% tolerance)...
   Note: Only groups with 2+ boxes will be placed. Single boxes will use greedy placement.
   📋 Found 1 single boxes (cannot form groups - will use greedy placement later)
   ✅ Formed 3 dimension-based groups:
      1. Group 0.300×0.200×0.200m: 6 boxes, volume=0.048m³
      2. Group 0.200×0.100×0.100m: 13 boxes, volume=0.037m³
      3. Group 0.300×0.100×0.200m: 5 boxes, volume=0.031m³

📊 Step 2: Groups sorted by volume (largest first) - PROCESSING ORDER:
   🔍 DEBUG: Verifying volume calculations and sorting...
      1. 0.300×0.200×0.200m (6 boxes, 0.047736m³) ← Will process 1st
         Box IDs: [103, 104, 105, 106, 107]...
      2. 0.200×0.100×0.100m (13 boxes, 0.037180m³) ← Will process 2nd
         Box IDs: [40, 41, 42, 43, 44]...
      3. 0.300×0.100×0.200m (5 boxes, 0.031320m³) ← Will process 3rd
         Box IDs: [9, 10, 11, 12, 13]
   ✅ Sorting verification:
      ✓ Group 1 (0.047736m³) >= Group 2 (0.037180m³)
      ✓ Group 2 (0.037180m³) >= Group 3 (0.031320m³)

  🔍 Re-scanning height map for flat spaces...
  ⚠️  Matplotlib not available, skipping visualization
     ⚠️  Visualization skipped (no output path)

   🎯 Evaluating all 3 groups against flat space 1:
      Largest flat space: 0.800×0.550m (0.440m²) at height 0.480m
      🔍 Evaluating group 0.300×0.200×0.200m (6 boxes, 0.047736m³)...
         ✅ Can place 2/6 boxes, placed volume: 0.015912m³
      🔍 Evaluating group 0.200×0.100×0.100m (13 boxes, 0.037180m³)...
         ✅ Can place 7/13 boxes, placed volume: 0.020020m³
      🔍 Evaluating group 0.300×0.100×0.200m (5 boxes, 0.031320m³)...
         ✅ Can place 2/5 boxes, placed volume: 0.012528m³

   🏆 SELECTED GROUP: 0.200×0.100×0.100m
      Placed volume: 0.020020m³
      Placed boxes: 7/13

  ✅ PLACEMENT SUCCESSFUL:
     • Placed: 7/13 boxes
     • Flat space used: 0.800×0.550m (0.440m²)
     • Position: (0.000, 0.650) → (0.800, 1.200)
     • Height: 0.480m
     • ⚠️  Remaining from group: 6 boxes (will retry later)
     • Sample placed box: ID=42, pos=(0.690, 0.715, 0.530)
     • 📝 Note: 6 boxes from this group will be retried in next iteration
       (They may form new groups or be placed individually)
     • 📊 Progress: 42 boxes placed total in this iteration
     • 📊 Total groups placed: 3
     • 🔄 Moving to next group (will re-scan for flat spaces)...

📊 Iteration 3 Summary:
   • Boxes placed this iteration: 7
   • Total boxes placed: 42
   • Remaining boxes: 18

   ✅ Can form groups from remainder - continuing...

──────────────────────────────────────────────────────────────────────
ITERATION 4 - FLAT-SPACE GROUP PLACEMENT
──────────────────────────────────────────────────────────────────────
📦 Remaining boxes: 18
✅ Total placed so far: 42 boxes

🔍 Step 1: Grouping boxes by dimensions (5% tolerance)...
   Note: Only groups with 2+ boxes will be placed. Single boxes will use greedy placement.
   📋 Found 1 single boxes (cannot form groups - will use greedy placement later)
   ✅ Formed 3 dimension-based groups:
      1. Group 0.300×0.200×0.200m: 6 boxes, volume=0.048m³
      2. Group 0.300×0.100×0.200m: 5 boxes, volume=0.031m³
      3. Group 0.200×0.100×0.100m: 6 boxes, volume=0.017m³

📊 Step 2: Groups sorted by volume (largest first) - PROCESSING ORDER:
   🔍 DEBUG: Verifying volume calculations and sorting...
      1. 0.300×0.200×0.200m (6 boxes, 0.047736m³) ← Will process 1st
         Box IDs: [103, 104, 105, 106, 107]...
      2. 0.300×0.100×0.200m (5 boxes, 0.031320m³) ← Will process 2nd
         Box IDs: [9, 10, 11, 12, 13]
      3. 0.200×0.100×0.100m (6 boxes, 0.017160m³) ← Will process 3rd
         Box IDs: [40, 41, 44, 47, 50]...
   ✅ Sorting verification:
      ✓ Group 1 (0.047736m³) >= Group 2 (0.031320m³)
      ✓ Group 2 (0.031320m³) >= Group 3 (0.017160m³)

  🔍 Re-scanning height map for flat spaces...
  ⚠️  Matplotlib not available, skipping visualization
     ⚠️  Visualization skipped (no output path)

   🎯 Evaluating all 3 groups against flat space 1:
      Largest flat space: 0.200×0.700m (0.140m²) at height 0.700m
      🔍 Evaluating group 0.300×0.200×0.200m (6 boxes, 0.047736m³)...
         ❌ Can only place 1 box(es) - insufficient (need ≥2)
      🔍 Evaluating group 0.300×0.100×0.200m (5 boxes, 0.031320m³)...
         ❌ Can only place 1 box(es) - insufficient (need ≥2)
      🔍 Evaluating group 0.200×0.100×0.100m (6 boxes, 0.017160m³)...
         ✅ Can place 2/6 boxes, placed volume: 0.005720m³

   🏆 SELECTED GROUP: 0.200×0.100×0.100m
      Placed volume: 0.005720m³
      Placed boxes: 2/6

  ✅ PLACEMENT SUCCESSFUL:
     • Placed: 2/6 boxes
     • Flat space used: 0.200×0.700m (0.140m²)
     • Position: (0.300, 0.000) → (0.500, 0.700)
     • Height: 0.700m
     • ⚠️  Remaining from group: 4 boxes (will retry later)
     • Sample placed box: ID=40, pos=(0.400, 0.110, 0.750)
     • 📝 Note: 4 boxes from this group will be retried in next iteration
       (They may form new groups or be placed individually)
     • 📊 Progress: 44 boxes placed total in this iteration
     • 📊 Total groups placed: 4
     • 🔄 Moving to next group (will re-scan for flat spaces)...

📊 Iteration 4 Summary:
   • Boxes placed this iteration: 2
   • Total boxes placed: 44
   • Remaining boxes: 16

   ✅ Can form groups from remainder - continuing...

──────────────────────────────────────────────────────────────────────
ITERATION 5 - FLAT-SPACE GROUP PLACEMENT
──────────────────────────────────────────────────────────────────────
📦 Remaining boxes: 16
✅ Total placed so far: 44 boxes

🔍 Step 1: Grouping boxes by dimensions (5% tolerance)...
   Note: Only groups with 2+ boxes will be placed. Single boxes will use greedy placement.
   📋 Found 1 single boxes (cannot form groups - will use greedy placement later)
   ✅ Formed 3 dimension-based groups:
      1. Group 0.300×0.200×0.200m: 6 boxes, volume=0.048m³
      2. Group 0.300×0.100×0.200m: 5 boxes, volume=0.031m³
      3. Group 0.200×0.100×0.100m: 4 boxes, volume=0.011m³

📊 Step 2: Groups sorted by volume (largest first) - PROCESSING ORDER:
   🔍 DEBUG: Verifying volume calculations and sorting...
      1. 0.300×0.200×0.200m (6 boxes, 0.047736m³) ← Will process 1st
         Box IDs: [103, 104, 105, 106, 107]...
      2. 0.300×0.100×0.200m (5 boxes, 0.031320m³) ← Will process 2nd
         Box IDs: [9, 10, 11, 12, 13]
      3. 0.200×0.100×0.100m (4 boxes, 0.011440m³) ← Will process 3rd
         Box IDs: [44, 47, 50, 52]
   ✅ Sorting verification:
      ✓ Group 1 (0.047736m³) >= Group 2 (0.031320m³)
      ✓ Group 2 (0.031320m³) >= Group 3 (0.011440m³)

  🔍 Re-scanning height map for flat spaces...
  ⚠️  Matplotlib not available, skipping visualization
     ⚠️  Visualization skipped (no output path)

   🎯 Evaluating all 3 groups against flat space 1:
      Largest flat space: 0.800×0.750m (0.600m²) at height 0.880m
      🔍 Evaluating group 0.300×0.200×0.200m (6 boxes, 0.047736m³)...
         ✅ Can place 4/6 boxes, placed volume: 0.031824m³
      🔍 Evaluating group 0.300×0.100×0.200m (5 boxes, 0.031320m³)...
         ✅ Can place 5/5 boxes, placed volume: 0.031320m³
      🔍 Evaluating group 0.200×0.100×0.100m (4 boxes, 0.011440m³)...
         ✅ Can place 3/4 boxes, placed volume: 0.008580m³

   🏆 SELECTED GROUP: 0.300×0.200×0.200m
      Placed volume: 0.031824m³
      Placed boxes: 4/6

  ✅ PLACEMENT SUCCESSFUL:
     • Placed: 4/6 boxes
     • Flat space used: 0.800×0.750m (0.600m²)
     • Position: (0.000, 0.000) → (0.800, 0.750)
     • Height: 0.880m
     • ⚠️  Remaining from group: 2 boxes (will retry later)
     • Sample placed box: ID=103, pos=(0.130, 0.090, 0.965)
     • 📝 Note: 2 boxes from this group will be retried in next iteration
       (They may form new groups or be placed individually)
     • 📊 Progress: 48 boxes placed total in this iteration
     • 📊 Total groups placed: 5
     • 🔄 Moving to next group (will re-scan for flat spaces)...

📊 Iteration 5 Summary:
   • Boxes placed this iteration: 4
   • Total boxes placed: 48
   • Remaining boxes: 12

   ✅ Can form groups from remainder - continuing...

──────────────────────────────────────────────────────────────────────
ITERATION 6 - FLAT-SPACE GROUP PLACEMENT
──────────────────────────────────────────────────────────────────────
📦 Remaining boxes: 12
✅ Total placed so far: 48 boxes

🔍 Step 1: Grouping boxes by dimensions (5% tolerance)...
   Note: Only groups with 2+ boxes will be placed. Single boxes will use greedy placement.
   📋 Found 1 single boxes (cannot form groups - will use greedy placement later)
   ✅ Formed 3 dimension-based groups:
      1. Group 0.300×0.100×0.200m: 5 boxes, volume=0.031m³
      2. Group 0.200×0.100×0.100m: 4 boxes, volume=0.011m³
      3. Group 0.300×0.200×0.200m: 2 boxes, volume=0.016m³

📊 Step 2: Groups sorted by volume (largest first) - PROCESSING ORDER:
   🔍 DEBUG: Verifying volume calculations and sorting...
      1. 0.300×0.100×0.200m (5 boxes, 0.031320m³) ← Will process 1st
         Box IDs: [9, 10, 11, 12, 13]
      2. 0.300×0.200×0.200m (2 boxes, 0.015912m³) ← Will process 2nd
         Box IDs: [104, 107]
      3. 0.200×0.100×0.100m (4 boxes, 0.011440m³) ← Will process 3rd
         Box IDs: [44, 47, 50, 52]
   ✅ Sorting verification:
      ✓ Group 1 (0.031320m³) >= Group 2 (0.015912m³)
      ✓ Group 2 (0.015912m³) >= Group 3 (0.011440m³)

  🔍 Re-scanning height map for flat spaces...
  ⚠️  Matplotlib not available, skipping visualization
     ⚠️  Visualization skipped (no output path)

   🎯 Evaluating all 3 groups against flat space 1:
      Largest flat space: 0.800×0.550m (0.440m²) at height 0.580m
      🔍 Evaluating group 0.300×0.100×0.200m (5 boxes, 0.031320m³)...
         ✅ Can place 4/5 boxes, placed volume: 0.025056m³
      🔍 Evaluating group 0.300×0.200×0.200m (2 boxes, 0.015912m³)...
         ❌ Can only place 0 box(es) - insufficient (need ≥2)
      🔍 Evaluating group 0.200×0.100×0.100m (4 boxes, 0.011440m³)...
         ✅ Can place 2/4 boxes, placed volume: 0.005720m³

   🏆 SELECTED GROUP: 0.300×0.100×0.200m
      Placed volume: 0.025056m³
      Placed boxes: 4/5

  ✅ PLACEMENT SUCCESSFUL:
     • Placed: 4/5 boxes
     • Flat space used: 0.800×0.550m (0.440m²)
     • Position: (0.000, 0.650) → (0.800, 1.200)
     • Height: 0.580m
     • ⚠️  Remaining from group: 1 boxes (will retry later)
     • Sample placed box: ID=10, pos=(0.655, 0.710, 0.670)
     • 📝 Note: 1 boxes from this group will be retried in next iteration
       (They may form new groups or be placed individually)
     • 📊 Progress: 52 boxes placed total in this iteration
     • 📊 Total groups placed: 6
     • 🔄 Moving to next group (will re-scan for flat spaces)...

📊 Iteration 6 Summary:
   • Boxes placed this iteration: 4
   • Total boxes placed: 52
   • Remaining boxes: 8

   ✅ Can form groups from remainder - continuing...

──────────────────────────────────────────────────────────────────────
ITERATION 7 - FLAT-SPACE GROUP PLACEMENT
──────────────────────────────────────────────────────────────────────
📦 Remaining boxes: 8
✅ Total placed so far: 52 boxes

🔍 Step 1: Grouping boxes by dimensions (5% tolerance)...
   Note: Only groups with 2+ boxes will be placed. Single boxes will use greedy placement.
   📋 Found 2 single boxes (cannot form groups - will use greedy placement later)
   ✅ Formed 2 dimension-based groups:
      1. Group 0.200×0.100×0.100m: 4 boxes, volume=0.011m³
      2. Group 0.300×0.200×0.200m: 2 boxes, volume=0.016m³

📊 Step 2: Groups sorted by volume (largest first) - PROCESSING ORDER:
   🔍 DEBUG: Verifying volume calculations and sorting...
      1. 0.300×0.200×0.200m (2 boxes, 0.015912m³) ← Will process 1st
         Box IDs: [104, 107]
      2. 0.200×0.100×0.100m (4 boxes, 0.011440m³) ← Will process 2nd
         Box IDs: [44, 47, 50, 52]
   ✅ Sorting verification:
      ✓ Group 1 (0.015912m³) >= Group 2 (0.011440m³)

  🔍 Re-scanning height map for flat spaces...
  ⚠️  Matplotlib not available, skipping visualization
     ⚠️  Visualization skipped (no output path)

   🎯 Evaluating all 2 groups against flat space 1:
      Largest flat space: 0.300×0.250m (0.075m²) at height 0.580m
      🔍 Evaluating group 0.300×0.200×0.200m (2 boxes, 0.015912m³)...
         ❌ Can only place 1 box(es) - insufficient (need ≥2)
      🔍 Evaluating group 0.200×0.100×0.100m (4 boxes, 0.011440m³)...
         ❌ Can only place 1 box(es) - insufficient (need ≥2)
      ⚠️  Nothing fits in flat space 1 — trying the next one

   ⚠️  No groups can place ≥2 boxes in any of the 1 flat space(s) tried
   🔄 Will try to form new groups on the next iteration...

──────────────────────────────────────────────────────────────────────
ITERATION 8 - FLAT-SPACE GROUP PLACEMENT
──────────────────────────────────────────────────────────────────────
📦 Remaining boxes: 8
✅ Total placed so far: 52 boxes

🔍 Step 1: Grouping boxes by dimensions (5% tolerance)...
   Note: Only groups with 2+ boxes will be placed. Single boxes will use greedy placement.
   📋 Found 2 single boxes (cannot form groups - will use greedy placement later)
   ✅ Formed 2 dimension-based groups:
      1. Group 0.200×0.100×0.100m: 4 boxes, volume=0.011m³
      2. Group 0.300×0.200×0.200m: 2 boxes, volume=0.016m³

📊 Step 2: Groups sorted by volume (largest first) - PROCESSING ORDER:
   🔍 DEBUG: Verifying volume calculations and sorting...
      1. 0.300×0.200×0.200m (2 boxes, 0.015912m³) ← Will process 1st
         Box IDs: [104, 107]
      2. 0.200×0.100×0.100m (4 boxes, 0.011440m³) ← Will process 2nd
         Box IDs: [44, 47, 50, 52]
   ✅ Sorting verification:
      ✓ Group 1 (0.015912m³) >= Group 2 (0.011440m³)

  🔍 Re-scanning height map for flat spaces...
  ⚠️  Matplotlib not available, skipping visualization
     ⚠️  Visualization skipped (no output path)

   🎯 Evaluating all 2 groups against flat space 1:
      Largest flat space: 0.300×0.250m (0.075m²) at height 0.580m
      🔍 Evaluating group 0.300×0.200×0.200m (2 boxes, 0.015912m³)...
         ❌ Can only place 1 box(es) - insufficient (need ≥2)
      🔍 Evaluating group 0.200×0.100×0.100m (4 boxes, 0.011440m³)...
         ❌ Can only place 1 box(es) - insufficient (need ≥2)
      ⚠️  Nothing fits in flat space 1 — trying the next one

   ⚠️  No groups can place ≥2 boxes in any of the 1 flat space(s) tried
   🔄 Will try to form new groups on the next iteration...

──────────────────────────────────────────────────────────────────────
ITERATION 9 - FLAT-SPACE GROUP PLACEMENT
──────────────────────────────────────────────────────────────────────
📦 Remaining boxes: 8
✅ Total placed so far: 52 boxes

🔍 Step 1: Grouping boxes by dimensions (5% tolerance)...
   Note: Only groups with 2+ boxes will be placed. Single boxes will use greedy placement.
   📋 Found 2 single boxes (cannot form groups - will use greedy placement later)
   ✅ Formed 2 dimension-based groups:
      1. Group 0.200×0.100×0.100m: 4 boxes, volume=0.011m³
      2. Group 0.300×0.200×0.200m: 2 boxes, volume=0.016m³

📊 Step 2: Groups sorted by volume (largest first) - PROCESSING ORDER:
   🔍 DEBUG: Verifying volume calculations and sorting...
      1. 0.300×0.200×0.200m (2 boxes, 0.015912m³) ← Will process 1st
         Box IDs: [104, 107]
      2. 0.200×0.100×0.100m (4 boxes, 0.011440m³) ← Will process 2nd
         Box IDs: [44, 47, 50, 52]
   ✅ Sorting verification:
      ✓ Group 1 (0.015912m³) >= Group 2 (0.011440m³)

  🔍 Re-scanning height map for flat spaces...
  ⚠️  Matplotlib not available, skipping visualization
     ⚠️  Visualization skipped (no output path)

   🎯 Evaluating all 2 groups against flat space 1:
      Largest flat space: 0.300×0.250m (0.075m²) at height 0.580m
      🔍 Evaluating group 0.300×0.200×0.200m (2 boxes, 0.015912m³)...
         ❌ Can only place 1 box(es) - insufficient (need ≥2)
      🔍 Evaluating group 0.200×0.100×0.100m (4 boxes, 0.011440m³)...
         ❌ Can only place 1 box(es) - insufficient (need ≥2)
      ⚠️  Nothing fits in flat space 1 — trying the next one

   ⚠️  No groups can place ≥2 boxes in any of the 1 flat space(s) tried
   🔄 Will try to form new groups on the next iteration...

   No progress for 3 consecutive iterations - exiting group placement

======================================================================
✅ FLAT-SPACE GROUP PLACEMENT COMPLETE
======================================================================
   • Total boxes placed: 52
   • Total groups placed: 6
   • Remaining boxes: 8
   • Iterations used: 9
   • Reason for exit: All boxes placed

======================================================================
PHASE 2r: CUMULATIVE-STABILITY CHECK OF THE BASE PACK
======================================================================
   marginal interfaces after Phase 2: 15   worst deficit 10.4 mm (box 21)
   ids: [15, 16, 17, 20, 21, 22, 25, 26, 27, 30, 31, 32, 35, 38, 39]

======================================================================
PHASE 3: NEAT PLACEMENT (using trained model)
======================================================================
📦 Remaining boxes to place: 8
⚠️  No trained NEAT network found — Phase 3 skipped.

======================================================================
PHASE 3b: EXTREME-POINT PACKER — 15 boxes remaining
======================================================================
   ✅ Extreme-point packer placed 15/15 (CoM-stable, interlocking-aware)

PHASE 3c/3e/3f skipped (PALLETIZER_COUNT_ONLY=1) — they relocate boxes but cannot change how many are placed.
======================================================================
Traceback (most recent call last):
  File "C:\Palletizing\dataset_manager\run_ep_pilot.py", line 225, in <module>
    sys.exit(main())
             ~~~~^^
  File "C:\Palletizing\dataset_manager\run_ep_pilot.py", line 168, in main
    worker(Path(sys.argv[2]), sys.argv[3])
    ~~~~~~^^^^^^^^^^^^^^^^^^^^^^^^^^^^^^^^
  File "C:\Palletizing\dataset_manager\run_ep_pilot.py", line 120, in worker
    pack = pal.pack_all()
  File "C:\Palletizing\02_EP_176_canonical_1.875m\palletizer\_orchestrate.py", line 451, in pack_all
    void_report = self._repair_ep_voids(
        placed_boxes, vertex_manager, {b.ID for b in _phase12_pack})
  File "C:\Palletizing\02_EP_176_canonical_1.875m\palletizer\_remainder.py", line 144, in _repair_ep_voids
    improved, report = repair_pack(
                       ~~~~~~~~~~~^
        self, placed_boxes, vertex_manager, protected_count=protected_count,
        ^^^^^^^^^^^^^^^^^^^^^^^^^^^^^^^^^^^^^^^^^^^^^^^^^^^^^^^^^^^^^^^^^^^^
        config=RepairConfig(budget_s=budget_s))
        ^^^^^^^^^^^^^^^^^^^^^^^^^^^^^^^^^^^^^^^
  File "C:\Palletizing\02_EP_176_canonical_1.875m\void_repair.py", line 381, in repair_pack
    best, report = _repair_pack(palletizer, baseline, scratch_vm, protected_count, config, start)
                   ~~~~~~~~~~~~^^^^^^^^^^^^^^^^^^^^^^^^^^^^^^^^^^^^^^^^^^^^^^^^^^^^^^^^^^^^^^^^^^
  File "C:\Palletizing\02_EP_176_canonical_1.875m\void_repair.py", line 409, in _repair_pack
    raise ValueError(f'Incumbent dimensions or weight differ from master for box {b.ID}')
ValueError: Incumbent dimensions or weight differ from master for box 53
