
======================================================================
PATTERN PLACEMENT COMPLETE: 47 boxes
======================================================================

======================================================================
FLAT-SPACE GROUP PLACEMENT FOR 93 REMAINDER BOXES
======================================================================


──────────────────────────────────────────────────────────────────────
ITERATION 1 - FLAT-SPACE GROUP PLACEMENT
──────────────────────────────────────────────────────────────────────
📦 Remaining boxes: 93
✅ Total placed so far: 0 boxes

🔍 Step 1: Grouping boxes by dimensions (5% tolerance)...
   Note: Only groups with 2+ boxes will be placed. Single boxes will use greedy placement.
   📋 Found 1 single boxes (cannot form groups - will use greedy placement later)
   ✅ Formed 6 dimension-based groups:
      1. Group 0.300×0.100×0.300m: 14 boxes, volume=0.118m³
      2. Group 0.200×0.100×0.200m: 11 boxes, volume=0.080m³
      3. Group 0.300×0.100×0.200m: 8 boxes, volume=0.048m³
      4. Group 0.100×0.100×0.200m: 20 boxes, volume=0.049m³
      5. Group 0.200×0.100×0.100m: 12 boxes, volume=0.034m³
      6. Group 0.100×0.200×0.100m: 27 boxes, volume=0.064m³

📊 Step 2: Groups sorted by volume (largest first) - PROCESSING ORDER:
   🔍 DEBUG: Verifying volume calculations and sorting...
      1. 0.300×0.100×0.300m (14 boxes, 0.117936m³) ← Will process 1st
         Box IDs: [13, 14, 15, 16, 17]...
      2. 0.200×0.100×0.200m (11 boxes, 0.079695m³) ← Will process 2nd
         Box IDs: [78, 79, 80, 81, 82]...
      3. 0.100×0.200×0.100m (27 boxes, 0.064152m³) ← Will process 3rd
         Box IDs: [114, 115, 116, 117, 118]...
      4. 0.100×0.100×0.200m (20 boxes, 0.048960m³) ← Will process 4th
      5. 0.300×0.100×0.200m (8 boxes, 0.047520m³) ← Will process 5th
      6. 0.200×0.100×0.100m (12 boxes, 0.034320m³) ← Will process 6th
   ✅ Sorting verification:
      ✓ Group 1 (0.117936m³) >= Group 2 (0.079695m³)
      ✓ Group 2 (0.079695m³) >= Group 3 (0.064152m³)
      ✓ Group 3 (0.064152m³) >= Group 4 (0.048960m³)
      ✓ Group 4 (0.048960m³) >= Group 5 (0.047520m³)
      ✓ Group 5 (0.047520m³) >= Group 6 (0.034320m³)

  🔍 Re-scanning height map for flat spaces...
  ⚠️  Matplotlib not available, skipping visualization
     ⚠️  Visualization skipped (no output path)

   🎯 Evaluating all 6 groups against flat space 1:
      Largest flat space: 0.800×1.100m (0.880m²) at height 0.580m
      🔍 Evaluating group 0.300×0.100×0.300m (14 boxes, 0.117936m³)...
         ✅ Can place 12/14 boxes, placed volume: 0.101088m³
      🔍 Evaluating group 0.200×0.100×0.200m (11 boxes, 0.079695m³)...
         ✅ Can place 9/11 boxes, placed volume: 0.065205m³
      🔍 Evaluating group 0.100×0.200×0.100m (27 boxes, 0.064152m³)...
         ✅ Can place 21/27 boxes, placed volume: 0.049896m³
      🔍 Evaluating group 0.100×0.100×0.200m (20 boxes, 0.048960m³)...
         ✅ Can place 20/20 boxes, placed volume: 0.048960m³
      🔍 Evaluating group 0.300×0.100×0.200m (8 boxes, 0.047520m³)...
         ✅ Can place 8/8 boxes, placed volume: 0.047520m³
      🔍 Evaluating group 0.200×0.100×0.100m (12 boxes, 0.034320m³)...
         ✅ Can place 12/12 boxes, placed volume: 0.034320m³

   🏆 SELECTED GROUP: 0.300×0.100×0.300m
      Placed volume: 0.101088m³
      Placed boxes: 12/14

  ✅ PLACEMENT SUCCESSFUL:
     • Placed: 12/14 boxes
     • Flat space used: 0.800×1.100m (0.880m²)
     • Position: (0.000, 0.000) → (0.800, 1.100)
     • Height: 0.580m
     • ⚠️  Remaining from group: 2 boxes (will retry later)
     • Sample placed box: ID=13, pos=(0.130, 0.060, 0.715)
     • 📝 Note: 2 boxes from this group will be retried in next iteration
       (They may form new groups or be placed individually)
     • 📊 Progress: 12 boxes placed total in this iteration
     • 📊 Total groups placed: 1
     • 🔄 Moving to next group (will re-scan for flat spaces)...

📊 Iteration 1 Summary:
   • Boxes placed this iteration: 12
   • Total boxes placed: 12
   • Remaining boxes: 81

   ✅ Can form groups from remainder - continuing...

──────────────────────────────────────────────────────────────────────
ITERATION 2 - FLAT-SPACE GROUP PLACEMENT
──────────────────────────────────────────────────────────────────────
📦 Remaining boxes: 81
✅ Total placed so far: 12 boxes

🔍 Step 1: Grouping boxes by dimensions (5% tolerance)...
   Note: Only groups with 2+ boxes will be placed. Single boxes will use greedy placement.
   📋 Found 1 single boxes (cannot form groups - will use greedy placement later)
   ✅ Formed 6 dimension-based groups:
      1. Group 0.200×0.100×0.200m: 11 boxes, volume=0.080m³
      2. Group 0.300×0.100×0.200m: 8 boxes, volume=0.048m³
      3. Group 0.100×0.100×0.200m: 20 boxes, volume=0.049m³
      4. Group 0.200×0.100×0.100m: 12 boxes, volume=0.034m³
      5. Group 0.100×0.200×0.100m: 27 boxes, volume=0.064m³
      6. Group 0.300×0.100×0.300m: 2 boxes, volume=0.017m³

📊 Step 2: Groups sorted by volume (largest first) - PROCESSING ORDER:
   🔍 DEBUG: Verifying volume calculations and sorting...
      1. 0.200×0.100×0.200m (11 boxes, 0.079695m³) ← Will process 1st
         Box IDs: [78, 79, 80, 81, 82]...
      2. 0.100×0.200×0.100m (27 boxes, 0.064152m³) ← Will process 2nd
         Box IDs: [114, 115, 116, 117, 118]...
      3. 0.100×0.100×0.200m (20 boxes, 0.048960m³) ← Will process 3rd
         Box IDs: [58, 59, 60, 61, 62]...
      4. 0.300×0.100×0.200m (8 boxes, 0.047520m³) ← Will process 4th
      5. 0.200×0.100×0.100m (12 boxes, 0.034320m³) ← Will process 5th
      6. 0.300×0.100×0.300m (2 boxes, 0.016848m³) ← Will process 6th
   ✅ Sorting verification:
      ✓ Group 1 (0.079695m³) >= Group 2 (0.064152m³)
      ✓ Group 2 (0.064152m³) >= Group 3 (0.048960m³)
      ✓ Group 3 (0.048960m³) >= Group 4 (0.047520m³)
      ✓ Group 4 (0.047520m³) >= Group 5 (0.034320m³)
      ✓ Group 5 (0.034320m³) >= Group 6 (0.016848m³)

  🔍 Re-scanning height map for flat spaces...
  ⚠️  Matplotlib not available, skipping visualization
     ⚠️  Visualization skipped (no output path)

   🎯 Evaluating all 6 groups against flat space 1:
      Largest flat space: 0.800×0.700m (0.560m²) at height 0.850m
      🔍 Evaluating group 0.200×0.100×0.200m (11 boxes, 0.079695m³)...
         ✅ Can place 8/11 boxes, placed volume: 0.057960m³
      🔍 Evaluating group 0.100×0.200×0.100m (27 boxes, 0.064152m³)...
         ✅ Can place 15/27 boxes, placed volume: 0.035640m³
      🔍 Evaluating group 0.100×0.100×0.200m (20 boxes, 0.048960m³)...
         ✅ Can place 18/20 boxes, placed volume: 0.044064m³
      🔍 Evaluating group 0.300×0.100×0.200m (8 boxes, 0.047520m³)...
         ✅ Can place 8/8 boxes, placed volume: 0.047520m³
      🔍 Evaluating group 0.200×0.100×0.100m (12 boxes, 0.034320m³)...
         ✅ Can place 12/12 boxes, placed volume: 0.034320m³
      🔍 Evaluating group 0.300×0.100×0.300m (2 boxes, 0.016848m³)...
         ✅ Can place 2/2 boxes, placed volume: 0.016848m³

   🏆 SELECTED GROUP: 0.200×0.100×0.200m
      Placed volume: 0.057960m³
      Placed boxes: 8/11

  ✅ PLACEMENT SUCCESSFUL:
     • Placed: 8/11 boxes
     • Flat space used: 0.800×0.700m (0.560m²)
     • Position: (0.000, 0.000) → (0.800, 0.700)
     • Height: 0.850m
     • ⚠️  Remaining from group: 3 boxes (will retry later)
     • Sample placed box: ID=78, pos=(0.115, 0.075, 0.955)
     • 📝 Note: 3 boxes from this group will be retried in next iteration
       (They may form new groups or be placed individually)
     • 📊 Progress: 20 boxes placed total in this iteration
     • 📊 Total groups placed: 2
     • 🔄 Moving to next group (will re-scan for flat spaces)...

📊 Iteration 2 Summary:
   • Boxes placed this iteration: 8
   • Total boxes placed: 20
   • Remaining boxes: 73

   ✅ Can form groups from remainder - continuing...

──────────────────────────────────────────────────────────────────────
ITERATION 3 - FLAT-SPACE GROUP PLACEMENT
──────────────────────────────────────────────────────────────────────
📦 Remaining boxes: 73
✅ Total placed so far: 20 boxes

🔍 Step 1: Grouping boxes by dimensions (5% tolerance)...
   Note: Only groups with 2+ boxes will be placed. Single boxes will use greedy placement.
   📋 Found 1 single boxes (cannot form groups - will use greedy placement later)
   ✅ Formed 6 dimension-based groups:
      1. Group 0.300×0.100×0.200m: 8 boxes, volume=0.048m³
      2. Group 0.100×0.100×0.200m: 20 boxes, volume=0.049m³
      3. Group 0.200×0.100×0.100m: 12 boxes, volume=0.034m³
      4. Group 0.100×0.200×0.100m: 27 boxes, volume=0.064m³
      5. Group 0.300×0.100×0.300m: 2 boxes, volume=0.017m³
      6. Group 0.200×0.100×0.200m: 3 boxes, volume=0.022m³

📊 Step 2: Groups sorted by volume (largest first) - PROCESSING ORDER:
   🔍 DEBUG: Verifying volume calculations and sorting...
      1. 0.100×0.200×0.100m (27 boxes, 0.064152m³) ← Will process 1st
         Box IDs: [114, 115, 116, 117, 118]...
      2. 0.100×0.100×0.200m (20 boxes, 0.048960m³) ← Will process 2nd
         Box IDs: [58, 59, 60, 61, 62]...
      3. 0.300×0.100×0.200m (8 boxes, 0.047520m³) ← Will process 3rd
         Box IDs: [27, 28, 29, 30, 31]...
      4. 0.200×0.100×0.100m (12 boxes, 0.034320m³) ← Will process 4th
      5. 0.200×0.100×0.200m (3 boxes, 0.021735m³) ← Will process 5th
      6. 0.300×0.100×0.300m (2 boxes, 0.016848m³) ← Will process 6th
   ✅ Sorting verification:
      ✓ Group 1 (0.064152m³) >= Group 2 (0.048960m³)
      ✓ Group 2 (0.048960m³) >= Group 3 (0.047520m³)
      ✓ Group 3 (0.047520m³) >= Group 4 (0.034320m³)
      ✓ Group 4 (0.034320m³) >= Group 5 (0.021735m³)
      ✓ Group 5 (0.021735m³) >= Group 6 (0.016848m³)

  🔍 Re-scanning height map for flat spaces...
  ⚠️  Matplotlib not available, skipping visualization
     ⚠️  Visualization skipped (no output path)

   🎯 Evaluating all 6 groups against flat space 1:
      Largest flat space: 0.800×0.550m (0.440m²) at height 0.580m
      🔍 Evaluating group 0.100×0.200×0.100m (27 boxes, 0.064152m³)...
         ✅ Can place 11/27 boxes, placed volume: 0.026136m³
      🔍 Evaluating group 0.100×0.100×0.200m (20 boxes, 0.048960m³)...
         ✅ Can place 12/20 boxes, placed volume: 0.029376m³
      🔍 Evaluating group 0.300×0.100×0.200m (8 boxes, 0.047520m³)...
         ✅ Can place 7/8 boxes, placed volume: 0.041580m³
      🔍 Evaluating group 0.200×0.100×0.100m (12 boxes, 0.034320m³)...
         ✅ Can place 5/12 boxes, placed volume: 0.014300m³
      🔍 Evaluating group 0.200×0.100×0.200m (3 boxes, 0.021735m³)...
         ❌ Can only place 1 box(es) - insufficient (need ≥2)
      🔍 Evaluating group 0.300×0.100×0.300m (2 boxes, 0.016848m³)...
         ❌ Can only place 0 box(es) - insufficient (need ≥2)

   🏆 SELECTED GROUP: 0.300×0.100×0.200m
      Placed volume: 0.041580m³
      Placed boxes: 7/8

  ✅ PLACEMENT SUCCESSFUL:
     • Placed: 7/8 boxes
     • Flat space used: 0.800×0.550m (0.440m²)
     • Position: (0.000, 0.550) → (0.800, 1.100)
     • Height: 0.580m
     • ⚠️  Remaining from group: 1 boxes (will retry later)
     • Sample placed box: ID=28, pos=(0.665, 0.605, 0.680)
     • 📝 Note: 1 boxes from this group will be retried in next iteration
       (They may form new groups or be placed individually)
     • 📊 Progress: 27 boxes placed total in this iteration
     • 📊 Total groups placed: 3
     • 🔄 Moving to next group (will re-scan for flat spaces)...

📊 Iteration 3 Summary:
   • Boxes placed this iteration: 7
   • Total boxes placed: 27
   • Remaining boxes: 66

   ✅ Can form groups from remainder - continuing...

──────────────────────────────────────────────────────────────────────
ITERATION 4 - FLAT-SPACE GROUP PLACEMENT
──────────────────────────────────────────────────────────────────────
📦 Remaining boxes: 66
✅ Total placed so far: 27 boxes

🔍 Step 1: Grouping boxes by dimensions (5% tolerance)...
   Note: Only groups with 2+ boxes will be placed. Single boxes will use greedy placement.
   📋 Found 2 single boxes (cannot form groups - will use greedy placement later)
   ✅ Formed 5 dimension-based groups:
      1. Group 0.100×0.100×0.200m: 20 boxes, volume=0.049m³
      2. Group 0.200×0.100×0.100m: 12 boxes, volume=0.034m³
      3. Group 0.100×0.200×0.100m: 27 boxes, volume=0.064m³
      4. Group 0.300×0.100×0.300m: 2 boxes, volume=0.017m³
      5. Group 0.200×0.100×0.200m: 3 boxes, volume=0.022m³

📊 Step 2: Groups sorted by volume (largest first) - PROCESSING ORDER:
   🔍 DEBUG: Verifying volume calculations and sorting...
      1. 0.100×0.200×0.100m (27 boxes, 0.064152m³) ← Will process 1st
         Box IDs: [114, 115, 116, 117, 118]...
      2. 0.100×0.100×0.200m (20 boxes, 0.048960m³) ← Will process 2nd
         Box IDs: [58, 59, 60, 61, 62]...
      3. 0.200×0.100×0.100m (12 boxes, 0.034320m³) ← Will process 3rd
         Box IDs: [89, 90, 91, 92, 93]...
      4. 0.200×0.100×0.200m (3 boxes, 0.021735m³) ← Will process 4th
      5. 0.300×0.100×0.300m (2 boxes, 0.016848m³) ← Will process 5th
   ✅ Sorting verification:
      ✓ Group 1 (0.064152m³) >= Group 2 (0.048960m³)
      ✓ Group 2 (0.048960m³) >= Group 3 (0.034320m³)
      ✓ Group 3 (0.034320m³) >= Group 4 (0.021735m³)
      ✓ Group 4 (0.021735m³) >= Group 5 (0.016848m³)

  🔍 Re-scanning height map for flat spaces...
  ⚠️  Matplotlib not available, skipping visualization
     ⚠️  Visualization skipped (no output path)

   🎯 Evaluating all 5 groups against flat space 1:
      Largest flat space: 0.800×0.600m (0.480m²) at height 1.060m
      🔍 Evaluating group 0.100×0.200×0.100m (27 boxes, 0.064152m³)...
         ✅ Can place 9/27 boxes, placed volume: 0.021384m³
      🔍 Evaluating group 0.100×0.100×0.200m (20 boxes, 0.048960m³)...
         ✅ Can place 11/20 boxes, placed volume: 0.026928m³
      🔍 Evaluating group 0.200×0.100×0.100m (12 boxes, 0.034320m³)...
         ✅ Can place 6/12 boxes, placed volume: 0.017160m³
      🔍 Evaluating group 0.200×0.100×0.200m (3 boxes, 0.021735m³)...
         ✅ Can place 3/3 boxes, placed volume: 0.021735m³
      🔍 Evaluating group 0.300×0.100×0.300m (2 boxes, 0.016848m³)...
         ✅ Can place 2/2 boxes, placed volume: 0.016848m³

   🏆 SELECTED GROUP: 0.100×0.100×0.200m
      Placed volume: 0.026928m³
      Placed boxes: 11/20

  ✅ PLACEMENT SUCCESSFUL:
     • Placed: 11/20 boxes
     • Flat space used: 0.800×0.600m (0.480m²)
     • Position: (0.000, 0.000) → (0.800, 0.600)
     • Height: 1.060m
     • ⚠️  Remaining from group: 9 boxes (will retry later)
     • Sample placed box: ID=58, pos=(0.060, 0.060, 1.145)
     • 📝 Note: 9 boxes from this group will be retried in next iteration
       (They may form new groups or be placed individually)
     • 📊 Progress: 38 boxes placed total in this iteration
     • 📊 Total groups placed: 4
     • 🔄 Moving to next group (will re-scan for flat spaces)...

📊 Iteration 4 Summary:
   • Boxes placed this iteration: 11
   • Total boxes placed: 38
   • Remaining boxes: 55

   ✅ Can form groups from remainder - continuing...

──────────────────────────────────────────────────────────────────────
ITERATION 5 - FLAT-SPACE GROUP PLACEMENT
──────────────────────────────────────────────────────────────────────
📦 Remaining boxes: 55
✅ Total placed so far: 38 boxes

🔍 Step 1: Grouping boxes by dimensions (5% tolerance)...
   Note: Only groups with 2+ boxes will be placed. Single boxes will use greedy placement.
   📋 Found 2 single boxes (cannot form groups - will use greedy placement later)
   ✅ Formed 5 dimension-based groups:
      1. Group 0.200×0.100×0.100m: 12 boxes, volume=0.034m³
      2. Group 0.100×0.200×0.100m: 27 boxes, volume=0.064m³
      3. Group 0.300×0.100×0.300m: 2 boxes, volume=0.017m³
      4. Group 0.200×0.100×0.200m: 3 boxes, volume=0.022m³
      5. Group 0.100×0.100×0.200m: 9 boxes, volume=0.022m³

📊 Step 2: Groups sorted by volume (largest first) - PROCESSING ORDER:
   🔍 DEBUG: Verifying volume calculations and sorting...
      1. 0.100×0.200×0.100m (27 boxes, 0.064152m³) ← Will process 1st
         Box IDs: [114, 115, 116, 117, 118]...
      2. 0.200×0.100×0.100m (12 boxes, 0.034320m³) ← Will process 2nd
         Box IDs: [89, 90, 91, 92, 93]...
      3. 0.100×0.100×0.200m (9 boxes, 0.022032m³) ← Will process 3rd
         Box IDs: [65, 66, 67, 68, 71]...
      4. 0.200×0.100×0.200m (3 boxes, 0.021735m³) ← Will process 4th
      5. 0.300×0.100×0.300m (2 boxes, 0.016848m³) ← Will process 5th
   ✅ Sorting verification:
      ✓ Group 1 (0.064152m³) >= Group 2 (0.034320m³)
      ✓ Group 2 (0.034320m³) >= Group 3 (0.022032m³)
      ✓ Group 3 (0.022032m³) >= Group 4 (0.021735m³)
      ✓ Group 4 (0.021735m³) >= Group 5 (0.016848m³)

  🔍 Re-scanning height map for flat spaces...
  ⚠️  Matplotlib not available, skipping visualization
     ⚠️  Visualization skipped (no output path)

   🎯 Evaluating all 5 groups against flat space 1:
      Largest flat space: 0.800×0.500m (0.400m²) at height 0.780m
      🔍 Evaluating group 0.100×0.200×0.100m (27 boxes, 0.064152m³)...
         ✅ Can place 5/27 boxes, placed volume: 0.011880m³
      🔍 Evaluating group 0.200×0.100×0.100m (12 boxes, 0.034320m³)...
         ✅ Can place 5/12 boxes, placed volume: 0.014300m³
      🔍 Evaluating group 0.100×0.100×0.200m (9 boxes, 0.022032m³)...
         ✅ Can place 4/9 boxes, placed volume: 0.009792m³
      🔍 Evaluating group 0.200×0.100×0.200m (3 boxes, 0.021735m³)...
         ❌ Can only place 1 box(es) - insufficient (need ≥2)
      🔍 Evaluating group 0.300×0.100×0.300m (2 boxes, 0.016848m³)...
         ❌ Can only place 0 box(es) - insufficient (need ≥2)

   🏆 SELECTED GROUP: 0.200×0.100×0.100m
      Placed volume: 0.014300m³
      Placed boxes: 5/12

  ✅ PLACEMENT SUCCESSFUL:
     • Placed: 5/12 boxes
     • Flat space used: 0.800×0.500m (0.400m²)
     • Position: (0.000, 0.550) → (0.800, 1.050)
     • Height: 0.780m
     • ⚠️  Remaining from group: 7 boxes (will retry later)
     • Sample placed box: ID=92, pos=(0.700, 0.605, 0.845)
     • 📝 Note: 7 boxes from this group will be retried in next iteration
       (They may form new groups or be placed individually)
     • 📊 Progress: 43 boxes placed total in this iteration
     • 📊 Total groups placed: 5
     • 🔄 Moving to next group (will re-scan for flat spaces)...

📊 Iteration 5 Summary:
   • Boxes placed this iteration: 5
   • Total boxes placed: 43
   • Remaining boxes: 50

   ✅ Can form groups from remainder - continuing...

──────────────────────────────────────────────────────────────────────
ITERATION 6 - FLAT-SPACE GROUP PLACEMENT
──────────────────────────────────────────────────────────────────────
📦 Remaining boxes: 50
✅ Total placed so far: 43 boxes

🔍 Step 1: Grouping boxes by dimensions (5% tolerance)...
   Note: Only groups with 2+ boxes will be placed. Single boxes will use greedy placement.
   📋 Found 2 single boxes (cannot form groups - will use greedy placement later)
   ✅ Formed 5 dimension-based groups:
      1. Group 0.100×0.200×0.100m: 27 boxes, volume=0.064m³
      2. Group 0.300×0.100×0.300m: 2 boxes, volume=0.017m³
      3. Group 0.200×0.100×0.200m: 3 boxes, volume=0.022m³
      4. Group 0.100×0.100×0.200m: 9 boxes, volume=0.022m³
      5. Group 0.200×0.100×0.100m: 7 boxes, volume=0.020m³

📊 Step 2: Groups sorted by volume (largest first) - PROCESSING ORDER:
   🔍 DEBUG: Verifying volume calculations and sorting...
      1. 0.100×0.200×0.100m (27 boxes, 0.064152m³) ← Will process 1st
         Box IDs: [114, 115, 116, 117, 118]...
      2. 0.100×0.100×0.200m (9 boxes, 0.022032m³) ← Will process 2nd
         Box IDs: [65, 66, 67, 68, 71]...
      3. 0.200×0.100×0.200m (3 boxes, 0.021735m³) ← Will process 3rd
         Box IDs: [85, 87, 88]
      4. 0.200×0.100×0.100m (7 boxes, 0.020020m³) ← Will process 4th
      5. 0.300×0.100×0.300m (2 boxes, 0.016848m³) ← Will process 5th
   ✅ Sorting verification:
      ✓ Group 1 (0.064152m³) >= Group 2 (0.022032m³)
      ✓ Group 2 (0.022032m³) >= Group 3 (0.021735m³)
      ✓ Group 3 (0.021735m³) >= Group 4 (0.020020m³)
      ✓ Group 4 (0.020020m³) >= Group 5 (0.016848m³)

  🔍 Re-scanning height map for flat spaces...
  ⚠️  Matplotlib not available, skipping visualization
     ⚠️  Visualization skipped (no output path)

   🎯 Evaluating all 5 groups against flat space 1:
      Largest flat space: 0.200×0.350m (0.070m²) at height 0.580m
      🔍 Evaluating group 0.100×0.200×0.100m (27 boxes, 0.064152m³)...
         ❌ Can only place 1 box(es) - insufficient (need ≥2)
      🔍 Evaluating group 0.100×0.100×0.200m (9 boxes, 0.022032m³)...
         ❌ Can only place 0 box(es) - insufficient (need ≥2)
      🔍 Evaluating group 0.200×0.100×0.200m (3 boxes, 0.021735m³)...
         ❌ Can only place 1 box(es) - insufficient (need ≥2)
      🔍 Evaluating group 0.200×0.100×0.100m (7 boxes, 0.020020m³)...
         ❌ Can only place 1 box(es) - insufficient (need ≥2)
      🔍 Evaluating group 0.300×0.100×0.300m (2 boxes, 0.016848m³)...
         ❌ Can only place 1 box(es) - insufficient (need ≥2)
      ⚠️  Nothing fits in flat space 1 — trying the next one

   ⚠️  No groups can place ≥2 boxes in any of the 1 flat space(s) tried
   🔄 Will try to form new groups on the next iteration...

──────────────────────────────────────────────────────────────────────
ITERATION 7 - FLAT-SPACE GROUP PLACEMENT
──────────────────────────────────────────────────────────────────────
📦 Remaining boxes: 50
✅ Total placed so far: 43 boxes

🔍 Step 1: Grouping boxes by dimensions (5% tolerance)...
   Note: Only groups with 2+ boxes will be placed. Single boxes will use greedy placement.
   📋 Found 2 single boxes (cannot form groups - will use greedy placement later)
   ✅ Formed 5 dimension-based groups:
      1. Group 0.100×0.200×0.100m: 27 boxes, volume=0.064m³
      2. Group 0.300×0.100×0.300m: 2 boxes, volume=0.017m³
      3. Group 0.200×0.100×0.200m: 3 boxes, volume=0.022m³
      4. Group 0.100×0.100×0.200m: 9 boxes, volume=0.022m³
      5. Group 0.200×0.100×0.100m: 7 boxes, volume=0.020m³

📊 Step 2: Groups sorted by volume (largest first) - PROCESSING ORDER:
   🔍 DEBUG: Verifying volume calculations and sorting...
      1. 0.100×0.200×0.100m (27 boxes, 0.064152m³) ← Will process 1st
         Box IDs: [114, 115, 116, 117, 118]...
      2. 0.100×0.100×0.200m (9 boxes, 0.022032m³) ← Will process 2nd
         Box IDs: [65, 66, 67, 68, 71]...
      3. 0.200×0.100×0.200m (3 boxes, 0.021735m³) ← Will process 3rd
         Box IDs: [85, 87, 88]
      4. 0.200×0.100×0.100m (7 boxes, 0.020020m³) ← Will process 4th
      5. 0.300×0.100×0.300m (2 boxes, 0.016848m³) ← Will process 5th
   ✅ Sorting verification:
      ✓ Group 1 (0.064152m³) >= Group 2 (0.022032m³)
      ✓ Group 2 (0.022032m³) >= Group 3 (0.021735m³)
      ✓ Group 3 (0.021735m³) >= Group 4 (0.020020m³)
      ✓ Group 4 (0.020020m³) >= Group 5 (0.016848m³)

  🔍 Re-scanning height map for flat spaces...
  ⚠️  Matplotlib not available, skipping visualization
     ⚠️  Visualization skipped (no output path)

   🎯 Evaluating all 5 groups against flat space 1:
      Largest flat space: 0.200×0.350m (0.070m²) at height 0.580m
      🔍 Evaluating group 0.100×0.200×0.100m (27 boxes, 0.064152m³)...
         ❌ Can only place 1 box(es) - insufficient (need ≥2)
      🔍 Evaluating group 0.100×0.100×0.200m (9 boxes, 0.022032m³)...
         ❌ Can only place 0 box(es) - insufficient (need ≥2)
      🔍 Evaluating group 0.200×0.100×0.200m (3 boxes, 0.021735m³)...
         ❌ Can only place 1 box(es) - insufficient (need ≥2)
      🔍 Evaluating group 0.200×0.100×0.100m (7 boxes, 0.020020m³)...
         ❌ Can only place 1 box(es) - insufficient (need ≥2)
      🔍 Evaluating group 0.300×0.100×0.300m (2 boxes, 0.016848m³)...
         ❌ Can only place 1 box(es) - insufficient (need ≥2)
      ⚠️  Nothing fits in flat space 1 — trying the next one

   ⚠️  No groups can place ≥2 boxes in any of the 1 flat space(s) tried
   🔄 Will try to form new groups on the next iteration...

──────────────────────────────────────────────────────────────────────
ITERATION 8 - FLAT-SPACE GROUP PLACEMENT
──────────────────────────────────────────────────────────────────────
📦 Remaining boxes: 50
✅ Total placed so far: 43 boxes

🔍 Step 1: Grouping boxes by dimensions (5% tolerance)...
   Note: Only groups with 2+ boxes will be placed. Single boxes will use greedy placement.
   📋 Found 2 single boxes (cannot form groups - will use greedy placement later)
   ✅ Formed 5 dimension-based groups:
      1. Group 0.100×0.200×0.100m: 27 boxes, volume=0.064m³
      2. Group 0.300×0.100×0.300m: 2 boxes, volume=0.017m³
      3. Group 0.200×0.100×0.200m: 3 boxes, volume=0.022m³
      4. Group 0.100×0.100×0.200m: 9 boxes, volume=0.022m³
      5. Group 0.200×0.100×0.100m: 7 boxes, volume=0.020m³

📊 Step 2: Groups sorted by volume (largest first) - PROCESSING ORDER:
   🔍 DEBUG: Verifying volume calculations and sorting...
      1. 0.100×0.200×0.100m (27 boxes, 0.064152m³) ← Will process 1st
         Box IDs: [114, 115, 116, 117, 118]...
      2. 0.100×0.100×0.200m (9 boxes, 0.022032m³) ← Will process 2nd
         Box IDs: [65, 66, 67, 68, 71]...
      3. 0.200×0.100×0.200m (3 boxes, 0.021735m³) ← Will process 3rd
         Box IDs: [85, 87, 88]
      4. 0.200×0.100×0.100m (7 boxes, 0.020020m³) ← Will process 4th
      5. 0.300×0.100×0.300m (2 boxes, 0.016848m³) ← Will process 5th
   ✅ Sorting verification:
      ✓ Group 1 (0.064152m³) >= Group 2 (0.022032m³)
      ✓ Group 2 (0.022032m³) >= Group 3 (0.021735m³)
      ✓ Group 3 (0.021735m³) >= Group 4 (0.020020m³)
      ✓ Group 4 (0.020020m³) >= Group 5 (0.016848m³)

  🔍 Re-scanning height map for flat spaces...
  ⚠️  Matplotlib not available, skipping visualization
     ⚠️  Visualization skipped (no output path)

   🎯 Evaluating all 5 groups against flat space 1:
      Largest flat space: 0.200×0.350m (0.070m²) at height 0.580m
      🔍 Evaluating group 0.100×0.200×0.100m (27 boxes, 0.064152m³)...
         ❌ Can only place 1 box(es) - insufficient (need ≥2)
      🔍 Evaluating group 0.100×0.100×0.200m (9 boxes, 0.022032m³)...
         ❌ Can only place 0 box(es) - insufficient (need ≥2)
      🔍 Evaluating group 0.200×0.100×0.200m (3 boxes, 0.021735m³)...
         ❌ Can only place 1 box(es) - insufficient (need ≥2)
      🔍 Evaluating group 0.200×0.100×0.100m (7 boxes, 0.020020m³)...
         ❌ Can only place 1 box(es) - insufficient (need ≥2)
      🔍 Evaluating group 0.300×0.100×0.300m (2 boxes, 0.016848m³)...
         ❌ Can only place 1 box(es) - insufficient (need ≥2)
      ⚠️  Nothing fits in flat space 1 — trying the next one

   ⚠️  No groups can place ≥2 boxes in any of the 1 flat space(s) tried
   🔄 Will try to form new groups on the next iteration...

   No progress for 3 consecutive iterations - exiting group placement

======================================================================
✅ FLAT-SPACE GROUP PLACEMENT COMPLETE
======================================================================
   • Total boxes placed: 43
   • Total groups placed: 5
   • Remaining boxes: 50
   • Iterations used: 8
   • Reason for exit: All boxes placed

======================================================================
PHASE 2r: CUMULATIVE-STABILITY CHECK OF THE BASE PACK
======================================================================
   marginal interfaces after Phase 2: 2   worst deficit 1.6 mm (box 21)
   ids: [19, 21]

======================================================================
PHASE 3: NEAT PLACEMENT (using trained model)
======================================================================
📦 Remaining boxes to place: 50
⚠️  No trained NEAT network found — Phase 3 skipped.

======================================================================
PHASE 3b: EXTREME-POINT PACKER — 51 boxes remaining
======================================================================
   ✅ Extreme-point packer placed 44/51 (CoM-stable, interlocking-aware)

======================================================================
PHASE 3d: GRID SWEEP — 7 box(es) EP could not place
======================================================================
   ✅ Grid sweep placed 7/7 (same CoM gate as Phase 3b)

PHASE 3c/3e/3f skipped (PALLETIZER_COUNT_ONLY=1) — they relocate boxes but cannot change how many are placed.
======================================================================
PHASE 3h: VOID REPAIR — 0 accepted / 0 attempts; invalid_protected_foundation:placement_gate:64
PHASE 3i: INCUMBENT COMPLETION — 0 additional boxes; invalid_incumbent:placement_gate:64

======================================================================
📊 FINAL SUMMARY
======================================================================
   Total boxes: 141
   ✅ Placed: 141 (100%)
   ❌ Unplaced: 0 (0%)

   Breakdown by phase:
     1. Pattern boxes: 47 boxes
     2. Flat-space groups: 43 boxes
     3. Hybrid NEAT+greedy: 0 placed, 0 failed
     3b. Extreme-point packer: 44 placed
     3d. Grid sweep fallback: 7 placed
     3f. Support-gated retry: 0 placed
     3h. Void repair: 0 additional boxes
     3i. Incumbent completion: 0 additional boxes

   ✅ Placed Box IDs (141 boxes):
      0, 1, 2, 3, 4, 5, 6, 7, 8, 9
      10, 11, 12, 13, 14, 15, 16, 17, 18, 19
      20, 21, 22, 23, 24, 25, 26, 27, 28, 29
      30, 31, 32, 33, 34, 35, 36, 37, 38, 39
      40, 41, 42, 43, 44, 45, 46, 47, 48, 49
      50, 51, 52, 53, 54, 55, 56, 57, 58, 59
      60, 61, 62, 63, 64, 65, 66, 67, 68, 69
      70, 71, 72, 73, 74, 75, 76, 77, 78, 79
      80, 81, 82, 83, 84, 85, 86, 87, 88, 89
      90, 91, 92, 93, 94, 95, 96, 97, 98, 99
      100, 101, 102, 103, 104, 105, 106, 107, 108, 109
      110, 111, 112, 113, 114, 115, 116, 117, 118, 119
      120, 121, 122, 123, 124, 125, 126, 127, 128, 129
      130, 131, 132, 133, 134, 135, 136, 137, 138, 139
      140

   ❌ Unplaced Box IDs (0 boxes):
      (none - all boxes placed!)
======================================================================

